// Jest Snapshot v1, https://goo.gl/fbAQLP

exports[`matches snapshot 1`] = `
Object {
  "asFragment": [Function],
  "baseElement": <body>
    <div>
      <div
        class="plpPage container"
      >
        <div
          class="row"
        >
          <h2>
            PLP page
          </h2>
        </div>
        <div
          class="row"
        >
          <div
            class="col-4"
          >
            <div
              class="product-card"
            >
              <img
                alt="Awesome Concrete Pizza"
                src="http://placehold.jp/640x480.png?text=placeholder"
                width="100%"
              />
              <h5>
                Awesome Concrete Pizza
              </h5>
              <p>
                £993.00
              </p>
              <p>
                Refined, Sleek, Handcrafted
              </p>
            </div>
          </div>
          <div
            class="col-4"
          >
            <div
              class="product-card"
            >
              <img
                alt="Fantastic Fresh Bike"
                src="http://placehold.jp/640x480.png?text=placeholder"
                width="100%"
              />
              <h5>
                Fantastic Fresh Bike
              </h5>
              <p>
                £396.00
              </p>
              <p>
                Incredible, Tasty, Sleek
              </p>
            </div>
          </div>
          <div
            class="col-4"
          >
            <div
              class="product-card"
            >
              <img
                alt="Rustic Plastic Gloves"
                src="http://placehold.jp/640x480.png?text=placeholder"
                width="100%"
              />
              <h5>
                Rustic Plastic Gloves
              </h5>
              <p>
                £114.00
              </p>
              <p>
                Fantastic, Small, Incredible
              </p>
            </div>
          </div>
          <div
            class="col-4"
          >
            <div
              class="product-card"
            >
              <img
                alt="Generic Fresh Fish"
                src="http://placehold.jp/640x480.png?text=placeholder"
                width="100%"
              />
              <h5>
                Generic Fresh Fish
              </h5>
              <p>
                £768.00
              </p>
              <p>
                Handcrafted, Incredible, Refined
              </p>
            </div>
          </div>
          <div
            class="col-4"
          >
            <div
              class="product-card"
            >
              <img
                alt="Unbranded Cotton Chips"
                src="http://placehold.jp/640x480.png?text=placeholder"
                width="100%"
              />
              <h5>
                Unbranded Cotton Chips
              </h5>
              <p>
                £861.00
              </p>
              <p>
                Rustic, Awesome, Fantastic
              </p>
            </div>
          </div>
          <div
            class="col-4"
          >
            <div
              class="product-card"
            >
              <img
                alt="Licensed Soft Sausages"
                src="http://placehold.jp/640x480.png?text=placeholder"
                width="100%"
              />
              <h5>
                Licensed Soft Sausages
              </h5>
              <p>
                £108.00
              </p>
              <p>
                Ergonomic, Intelligent, Refined
              </p>
            </div>
          </div>
          <div
            class="col-4"
          >
            <div
              class="product-card"
            >
              <img
                alt="Awesome Frozen Table"
                src="http://placehold.jp/640x480.png?text=placeholder"
                width="100%"
              />
              <h5>
                Awesome Frozen Table
              </h5>
              <p>
                £923.00
              </p>
              <p>
                Unbranded, Rustic, Intelligent
              </p>
            </div>
          </div>
          <div
            class="col-4"
          >
            <div
              class="product-card"
            >
              <img
                alt="Unbranded Fresh Bike"
                src="http://placehold.jp/640x480.png?text=placeholder"
                width="100%"
              />
              <h5>
                Unbranded Fresh Bike
              </h5>
              <p>
                £715.00
              </p>
              <p>
                Handcrafted, Sleek, Awesome
              </p>
            </div>
          </div>
          <div
            class="col-4"
          >
            <div
              class="product-card"
            >
              <img
                alt="Fantastic Rubber Chips"
                src="http://placehold.jp/640x480.png?text=placeholder"
                width="100%"
              />
              <h5>
                Fantastic Rubber Chips
              </h5>
              <p>
                £294.00
              </p>
              <p>
                Practical, Gorgeous, Gorgeous
              </p>
            </div>
          </div>
          <div
            class="col-4"
          >
            <div
              class="product-card"
            >
              <img
                alt="Gorgeous Steel Hat"
                src="http://placehold.jp/640x480.png?text=placeholder"
                width="100%"
              />
              <h5>
                Gorgeous Steel Hat
              </h5>
              <p>
                £779.00
              </p>
              <p>
                Handmade, Sleek, Awesome
              </p>
            </div>
          </div>
          <div
            class="col-4"
          >
            <div
              class="product-card"
            >
              <img
                alt="Sleek Wooden Pants"
                src="http://placehold.jp/640x480.png?text=placeholder"
                width="100%"
              />
              <h5>
                Sleek Wooden Pants
              </h5>
              <p>
                £32.00
              </p>
              <p>
                Incredible, Rustic, Sleek
              </p>
            </div>
          </div>
          <div
            class="col-4"
          >
            <div
              class="product-card"
            >
              <img
                alt="Small Fresh Keyboard"
                src="http://placehold.jp/640x480.png?text=placeholder"
                width="100%"
              />
              <h5>
                Small Fresh Keyboard
              </h5>
              <p>
                £775.00
              </p>
              <p>
                Refined, Gorgeous, Refined
              </p>
            </div>
          </div>
        </div>
      </div>
    </div>
  </body>,
  "container": <div>
    <div
      class="plpPage container"
    >
      <div
        class="row"
      >
        <h2>
          PLP page
        </h2>
      </div>
      <div
        class="row"
      >
        <div
          class="col-4"
        >
          <div
            class="product-card"
          >
            <img
              alt="Awesome Concrete Pizza"
              src="http://placehold.jp/640x480.png?text=placeholder"
              width="100%"
            />
            <h5>
              Awesome Concrete Pizza
            </h5>
            <p>
              £993.00
            </p>
            <p>
              Refined, Sleek, Handcrafted
            </p>
          </div>
        </div>
        <div
          class="col-4"
        >
          <div
            class="product-card"
          >
            <img
              alt="Fantastic Fresh Bike"
              src="http://placehold.jp/640x480.png?text=placeholder"
              width="100%"
            />
            <h5>
              Fantastic Fresh Bike
            </h5>
            <p>
              £396.00
            </p>
            <p>
              Incredible, Tasty, Sleek
            </p>
          </div>
        </div>
        <div
          class="col-4"
        >
          <div
            class="product-card"
          >
            <img
              alt="Rustic Plastic Gloves"
              src="http://placehold.jp/640x480.png?text=placeholder"
              width="100%"
            />
            <h5>
              Rustic Plastic Gloves
            </h5>
            <p>
              £114.00
            </p>
            <p>
              Fantastic, Small, Incredible
            </p>
          </div>
        </div>
        <div
          class="col-4"
        >
          <div
            class="product-card"
          >
            <img
              alt="Generic Fresh Fish"
              src="http://placehold.jp/640x480.png?text=placeholder"
              width="100%"
            />
            <h5>
              Generic Fresh Fish
            </h5>
            <p>
              £768.00
            </p>
            <p>
              Handcrafted, Incredible, Refined
            </p>
          </div>
        </div>
        <div
          class="col-4"
        >
          <div
            class="product-card"
          >
            <img
              alt="Unbranded Cotton Chips"
              src="http://placehold.jp/640x480.png?text=placeholder"
              width="100%"
            />
            <h5>
              Unbranded Cotton Chips
            </h5>
            <p>
              £861.00
            </p>
            <p>
              Rustic, Awesome, Fantastic
            </p>
          </div>
        </div>
        <div
          class="col-4"
        >
          <div
            class="product-card"
          >
            <img
              alt="Licensed Soft Sausages"
              src="http://placehold.jp/640x480.png?text=placeholder"
              width="100%"
            />
            <h5>
              Licensed Soft Sausages
            </h5>
            <p>
              £108.00
            </p>
            <p>
              Ergonomic, Intelligent, Refined
            </p>
          </div>
        </div>
        <div
          class="col-4"
        >
          <div
            class="product-card"
          >
            <img
              alt="Awesome Frozen Table"
              src="http://placehold.jp/640x480.png?text=placeholder"
              width="100%"
            />
            <h5>
              Awesome Frozen Table
            </h5>
            <p>
              £923.00
            </p>
            <p>
              Unbranded, Rustic, Intelligent
            </p>
          </div>
        </div>
        <div
          class="col-4"
        >
          <div
            class="product-card"
          >
            <img
              alt="Unbranded Fresh Bike"
              src="http://placehold.jp/640x480.png?text=placeholder"
              width="100%"
            />
            <h5>
              Unbranded Fresh Bike
            </h5>
            <p>
              £715.00
            </p>
            <p>
              Handcrafted, Sleek, Awesome
            </p>
          </div>
        </div>
        <div
          class="col-4"
        >
          <div
            class="product-card"
          >
            <img
              alt="Fantastic Rubber Chips"
              src="http://placehold.jp/640x480.png?text=placeholder"
              width="100%"
            />
            <h5>
              Fantastic Rubber Chips
            </h5>
            <p>
              £294.00
            </p>
            <p>
              Practical, Gorgeous, Gorgeous
            </p>
          </div>
        </div>
        <div
          class="col-4"
        >
          <div
            class="product-card"
          >
            <img
              alt="Gorgeous Steel Hat"
              src="http://placehold.jp/640x480.png?text=placeholder"
              width="100%"
            />
            <h5>
              Gorgeous Steel Hat
            </h5>
            <p>
              £779.00
            </p>
            <p>
              Handmade, Sleek, Awesome
            </p>
          </div>
        </div>
        <div
          class="col-4"
        >
          <div
            class="product-card"
          >
            <img
              alt="Sleek Wooden Pants"
              src="http://placehold.jp/640x480.png?text=placeholder"
              width="100%"
            />
            <h5>
              Sleek Wooden Pants
            </h5>
            <p>
              £32.00
            </p>
            <p>
              Incredible, Rustic, Sleek
            </p>
          </div>
        </div>
        <div
          class="col-4"
        >
          <div
            class="product-card"
          >
            <img
              alt="Small Fresh Keyboard"
              src="http://placehold.jp/640x480.png?text=placeholder"
              width="100%"
            />
            <h5>
              Small Fresh Keyboard
            </h5>
            <p>
              £775.00
            </p>
            <p>
              Refined, Gorgeous, Refined
            </p>
          </div>
        </div>
      </div>
    </div>
  </div>,
  "debug": [Function],
  "findAllByAltText": [Function],
  "findAllByDisplayValue": [Function],
  "findAllByLabelText": [Function],
  "findAllByPlaceholderText": [Function],
  "findAllByRole": [Function],
  "findAllByTestId": [Function],
  "findAllByText": [Function],
  "findAllByTitle": [Function],
  "findByAltText": [Function],
  "findByDisplayValue": [Function],
  "findByLabelText": [Function],
  "findByPlaceholderText": [Function],
  "findByRole": [Function],
  "findByTestId": [Function],
  "findByText": [Function],
  "findByTitle": [Function],
  "getAllByAltText": [Function],
  "getAllByDisplayValue": [Function],
  "getAllByLabelText": [Function],
  "getAllByPlaceholderText": [Function],
  "getAllByRole": [Function],
  "getAllByTestId": [Function],
  "getAllByText": [Function],
  "getAllByTitle": [Function],
  "getByAltText": [Function],
  "getByDisplayValue": [Function],
  "getByLabelText": [Function],
  "getByPlaceholderText": [Function],
  "getByRole": [Function],
  "getByTestId": [Function],
  "getByText": [Function],
  "getByTitle": [Function],
  "queryAllByAltText": [Function],
  "queryAllByDisplayValue": [Function],
  "queryAllByLabelText": [Function],
  "queryAllByPlaceholderText": [Function],
  "queryAllByRole": [Function],
  "queryAllByTestId": [Function],
  "queryAllByText": [Function],
  "queryAllByTitle": [Function],
  "queryByAltText": [Function],
  "queryByDisplayValue": [Function],
  "queryByLabelText": [Function],
  "queryByPlaceholderText": [Function],
  "queryByRole": [Function],
  "queryByTestId": [Function],
  "queryByText": [Function],
  "queryByTitle": [Function],
  "rerender": [Function],
  "unmount": [Function],
}
`;
