// Jest Snapshot v1, https://goo.gl/fbAQLP

exports[`matches snapshot 1`] = `
Object {
  "asFragment": [Function],
  "baseElement": <body>
    <div>
      <div
        class="plpPage container"
      >
        <div
          class="row"
        >
          <h2>
            PLP page
          </h2>
        </div>
        <div
          class="row"
        >
          <div
            class="col-4"
          >
            <div
              class="product-card"
            >
              <img
                alt="Handcrafted Granite Shoes"
                src="http://placehold.jp/640x480.png?text=placeholder"
                width="100%"
              />
              <h5>
                Handcrafted Granite Shoes
              </h5>
              <p>
                £857.00
              </p>
              <p>
                Rustic, Licensed, Intelligent
              </p>
            </div>
          </div>
          <div
            class="col-4"
          >
            <div
              class="product-card"
            >
              <img
                alt="Rustic Concrete Salad"
                src="http://placehold.jp/640x480.png?text=placeholder"
                width="100%"
              />
              <h5>
                Rustic Concrete Salad
              </h5>
              <p>
                £797.00
              </p>
              <p>
                Unbranded, Unbranded, Awesome
              </p>
            </div>
          </div>
          <div
            class="col-4"
          >
            <div
              class="product-card"
            >
              <img
                alt="Practical Plastic Car"
                src="http://placehold.jp/640x480.png?text=placeholder"
                width="100%"
              />
              <h5>
                Practical Plastic Car
              </h5>
              <p>
                £493.00
              </p>
              <p>
                Handmade, Practical, Ergonomic
              </p>
            </div>
          </div>
          <div
            class="col-4"
          >
            <div
              class="product-card"
            >
              <img
                alt="Rustic Cotton Shirt"
                src="http://placehold.jp/640x480.png?text=placeholder"
                width="100%"
              />
              <h5>
                Rustic Cotton Shirt
              </h5>
              <p>
                £726.00
              </p>
              <p>
                Fantastic, Awesome, Refined
              </p>
            </div>
          </div>
          <div
            class="col-4"
          >
            <div
              class="product-card"
            >
              <img
                alt="Ergonomic Plastic Table"
                src="http://placehold.jp/640x480.png?text=placeholder"
                width="100%"
              />
              <h5>
                Ergonomic Plastic Table
              </h5>
              <p>
                £392.00
              </p>
              <p>
                Ergonomic, Handmade, Licensed
              </p>
            </div>
          </div>
          <div
            class="col-4"
          >
            <div
              class="product-card"
            >
              <img
                alt="Generic Wooden Bike"
                src="http://placehold.jp/640x480.png?text=placeholder"
                width="100%"
              />
              <h5>
                Generic Wooden Bike
              </h5>
              <p>
                £88.00
              </p>
              <p>
                Sleek, Sleek, Incredible
              </p>
            </div>
          </div>
          <div
            class="col-4"
          >
            <div
              class="product-card"
            >
              <img
                alt="Handcrafted Granite Soap"
                src="http://placehold.jp/640x480.png?text=placeholder"
                width="100%"
              />
              <h5>
                Handcrafted Granite Soap
              </h5>
              <p>
                £45.00
              </p>
              <p>
                Gorgeous, Handcrafted, Ergonomic
              </p>
            </div>
          </div>
          <div
            class="col-4"
          >
            <div
              class="product-card"
            >
              <img
                alt="Handcrafted Rubber Car"
                src="http://placehold.jp/640x480.png?text=placeholder"
                width="100%"
              />
              <h5>
                Handcrafted Rubber Car
              </h5>
              <p>
                £376.00
              </p>
              <p>
                Practical, Ergonomic, Handcrafted
              </p>
            </div>
          </div>
          <div
            class="col-4"
          >
            <div
              class="product-card"
            >
              <img
                alt="Generic Soft Soap"
                src="http://placehold.jp/640x480.png?text=placeholder"
                width="100%"
              />
              <h5>
                Generic Soft Soap
              </h5>
              <p>
                £195.00
              </p>
              <p>
                Sleek, Ergonomic, Small
              </p>
            </div>
          </div>
          <div
            class="col-4"
          >
            <div
              class="product-card"
            >
              <img
                alt="Awesome Metal Hat"
                src="http://placehold.jp/640x480.png?text=placeholder"
                width="100%"
              />
              <h5>
                Awesome Metal Hat
              </h5>
              <p>
                £839.00
              </p>
              <p>
                Generic, Small, Intelligent
              </p>
            </div>
          </div>
          <div
            class="col-4"
          >
            <div
              class="product-card"
            >
              <img
                alt="Handmade Steel Cheese"
                src="http://placehold.jp/640x480.png?text=placeholder"
                width="100%"
              />
              <h5>
                Handmade Steel Cheese
              </h5>
              <p>
                £9.00
              </p>
              <p>
                Rustic, Unbranded, Sleek
              </p>
            </div>
          </div>
          <div
            class="col-4"
          >
            <div
              class="product-card"
            >
              <img
                alt="Handmade Steel Chair"
                src="http://placehold.jp/640x480.png?text=placeholder"
                width="100%"
              />
              <h5>
                Handmade Steel Chair
              </h5>
              <p>
                £42.00
              </p>
              <p>
                Practical, Rustic, Sleek
              </p>
            </div>
          </div>
        </div>
      </div>
    </div>
  </body>,
  "container": <div>
    <div
      class="plpPage container"
    >
      <div
        class="row"
      >
        <h2>
          PLP page
        </h2>
      </div>
      <div
        class="row"
      >
        <div
          class="col-4"
        >
          <div
            class="product-card"
          >
            <img
              alt="Handcrafted Granite Shoes"
              src="http://placehold.jp/640x480.png?text=placeholder"
              width="100%"
            />
            <h5>
              Handcrafted Granite Shoes
            </h5>
            <p>
              £857.00
            </p>
            <p>
              Rustic, Licensed, Intelligent
            </p>
          </div>
        </div>
        <div
          class="col-4"
        >
          <div
            class="product-card"
          >
            <img
              alt="Rustic Concrete Salad"
              src="http://placehold.jp/640x480.png?text=placeholder"
              width="100%"
            />
            <h5>
              Rustic Concrete Salad
            </h5>
            <p>
              £797.00
            </p>
            <p>
              Unbranded, Unbranded, Awesome
            </p>
          </div>
        </div>
        <div
          class="col-4"
        >
          <div
            class="product-card"
          >
            <img
              alt="Practical Plastic Car"
              src="http://placehold.jp/640x480.png?text=placeholder"
              width="100%"
            />
            <h5>
              Practical Plastic Car
            </h5>
            <p>
              £493.00
            </p>
            <p>
              Handmade, Practical, Ergonomic
            </p>
          </div>
        </div>
        <div
          class="col-4"
        >
          <div
            class="product-card"
          >
            <img
              alt="Rustic Cotton Shirt"
              src="http://placehold.jp/640x480.png?text=placeholder"
              width="100%"
            />
            <h5>
              Rustic Cotton Shirt
            </h5>
            <p>
              £726.00
            </p>
            <p>
              Fantastic, Awesome, Refined
            </p>
          </div>
        </div>
        <div
          class="col-4"
        >
          <div
            class="product-card"
          >
            <img
              alt="Ergonomic Plastic Table"
              src="http://placehold.jp/640x480.png?text=placeholder"
              width="100%"
            />
            <h5>
              Ergonomic Plastic Table
            </h5>
            <p>
              £392.00
            </p>
            <p>
              Ergonomic, Handmade, Licensed
            </p>
          </div>
        </div>
        <div
          class="col-4"
        >
          <div
            class="product-card"
          >
            <img
              alt="Generic Wooden Bike"
              src="http://placehold.jp/640x480.png?text=placeholder"
              width="100%"
            />
            <h5>
              Generic Wooden Bike
            </h5>
            <p>
              £88.00
            </p>
            <p>
              Sleek, Sleek, Incredible
            </p>
          </div>
        </div>
        <div
          class="col-4"
        >
          <div
            class="product-card"
          >
            <img
              alt="Handcrafted Granite Soap"
              src="http://placehold.jp/640x480.png?text=placeholder"
              width="100%"
            />
            <h5>
              Handcrafted Granite Soap
            </h5>
            <p>
              £45.00
            </p>
            <p>
              Gorgeous, Handcrafted, Ergonomic
            </p>
          </div>
        </div>
        <div
          class="col-4"
        >
          <div
            class="product-card"
          >
            <img
              alt="Handcrafted Rubber Car"
              src="http://placehold.jp/640x480.png?text=placeholder"
              width="100%"
            />
            <h5>
              Handcrafted Rubber Car
            </h5>
            <p>
              £376.00
            </p>
            <p>
              Practical, Ergonomic, Handcrafted
            </p>
          </div>
        </div>
        <div
          class="col-4"
        >
          <div
            class="product-card"
          >
            <img
              alt="Generic Soft Soap"
              src="http://placehold.jp/640x480.png?text=placeholder"
              width="100%"
            />
            <h5>
              Generic Soft Soap
            </h5>
            <p>
              £195.00
            </p>
            <p>
              Sleek, Ergonomic, Small
            </p>
          </div>
        </div>
        <div
          class="col-4"
        >
          <div
            class="product-card"
          >
            <img
              alt="Awesome Metal Hat"
              src="http://placehold.jp/640x480.png?text=placeholder"
              width="100%"
            />
            <h5>
              Awesome Metal Hat
            </h5>
            <p>
              £839.00
            </p>
            <p>
              Generic, Small, Intelligent
            </p>
          </div>
        </div>
        <div
          class="col-4"
        >
          <div
            class="product-card"
          >
            <img
              alt="Handmade Steel Cheese"
              src="http://placehold.jp/640x480.png?text=placeholder"
              width="100%"
            />
            <h5>
              Handmade Steel Cheese
            </h5>
            <p>
              £9.00
            </p>
            <p>
              Rustic, Unbranded, Sleek
            </p>
          </div>
        </div>
        <div
          class="col-4"
        >
          <div
            class="product-card"
          >
            <img
              alt="Handmade Steel Chair"
              src="http://placehold.jp/640x480.png?text=placeholder"
              width="100%"
            />
            <h5>
              Handmade Steel Chair
            </h5>
            <p>
              £42.00
            </p>
            <p>
              Practical, Rustic, Sleek
            </p>
          </div>
        </div>
      </div>
    </div>
  </div>,
  "debug": [Function],
  "findAllByAltText": [Function],
  "findAllByDisplayValue": [Function],
  "findAllByLabelText": [Function],
  "findAllByPlaceholderText": [Function],
  "findAllByRole": [Function],
  "findAllByTestId": [Function],
  "findAllByText": [Function],
  "findAllByTitle": [Function],
  "findByAltText": [Function],
  "findByDisplayValue": [Function],
  "findByLabelText": [Function],
  "findByPlaceholderText": [Function],
  "findByRole": [Function],
  "findByTestId": [Function],
  "findByText": [Function],
  "findByTitle": [Function],
  "getAllByAltText": [Function],
  "getAllByDisplayValue": [Function],
  "getAllByLabelText": [Function],
  "getAllByPlaceholderText": [Function],
  "getAllByRole": [Function],
  "getAllByTestId": [Function],
  "getAllByText": [Function],
  "getAllByTitle": [Function],
  "getByAltText": [Function],
  "getByDisplayValue": [Function],
  "getByLabelText": [Function],
  "getByPlaceholderText": [Function],
  "getByRole": [Function],
  "getByTestId": [Function],
  "getByText": [Function],
  "getByTitle": [Function],
  "queryAllByAltText": [Function],
  "queryAllByDisplayValue": [Function],
  "queryAllByLabelText": [Function],
  "queryAllByPlaceholderText": [Function],
  "queryAllByRole": [Function],
  "queryAllByTestId": [Function],
  "queryAllByText": [Function],
  "queryAllByTitle": [Function],
  "queryByAltText": [Function],
  "queryByDisplayValue": [Function],
  "queryByLabelText": [Function],
  "queryByPlaceholderText": [Function],
  "queryByRole": [Function],
  "queryByTestId": [Function],
  "queryByText": [Function],
  "queryByTitle": [Function],
  "rerender": [Function],
  "unmount": [Function],
}
`;
