// Jest Snapshot v1, https://goo.gl/fbAQLP

exports[`matches snapshot 1`] = `
Object {
  "asFragment": [Function],
  "baseElement": <body>
    <div>
      <div
        class="plpPage container"
      >
        <div
          class="row"
        >
          <h2>
            PLP page
          </h2>
        </div>
        <div
          class="row"
        >
          <div
            class="col-4"
          >
            <div
              class="product-card"
            >
              <img
                alt="Small Metal Hat"
                src="http://placehold.jp/640x480.png?text=placeholder"
                width="100%"
              />
              <h5>
                Small Metal Hat
              </h5>
              <p>
                £917.00
              </p>
              <p>
                Refined, Gorgeous, Incredible
              </p>
            </div>
          </div>
          <div
            class="col-4"
          >
            <div
              class="product-card"
            >
              <img
                alt="Rustic Plastic Keyboard"
                src="http://placehold.jp/640x480.png?text=placeholder"
                width="100%"
              />
              <h5>
                Rustic Plastic Keyboard
              </h5>
              <p>
                £151.00
              </p>
              <p>
                Refined, Handcrafted, Ergonomic
              </p>
            </div>
          </div>
          <div
            class="col-4"
          >
            <div
              class="product-card"
            >
              <img
                alt="Handcrafted Concrete Chicken"
                src="http://placehold.jp/640x480.png?text=placeholder"
                width="100%"
              />
              <h5>
                Handcrafted Concrete Chicken
              </h5>
              <p>
                £72.00
              </p>
              <p>
                Fantastic, Handmade, Handmade
              </p>
            </div>
          </div>
          <div
            class="col-4"
          >
            <div
              class="product-card"
            >
              <img
                alt="Handcrafted Granite Shirt"
                src="http://placehold.jp/640x480.png?text=placeholder"
                width="100%"
              />
              <h5>
                Handcrafted Granite Shirt
              </h5>
              <p>
                £77.00
              </p>
              <p>
                Rustic, Ergonomic, Gorgeous
              </p>
            </div>
          </div>
          <div
            class="col-4"
          >
            <div
              class="product-card"
            >
              <img
                alt="Rustic Wooden Bike"
                src="http://placehold.jp/640x480.png?text=placeholder"
                width="100%"
              />
              <h5>
                Rustic Wooden Bike
              </h5>
              <p>
                £430.00
              </p>
              <p>
                Incredible, Handmade, Incredible
              </p>
            </div>
          </div>
          <div
            class="col-4"
          >
            <div
              class="product-card"
            >
              <img
                alt="Awesome Steel Keyboard"
                src="http://placehold.jp/640x480.png?text=placeholder"
                width="100%"
              />
              <h5>
                Awesome Steel Keyboard
              </h5>
              <p>
                £457.00
              </p>
              <p>
                Handmade, Generic, Small
              </p>
            </div>
          </div>
          <div
            class="col-4"
          >
            <div
              class="product-card"
            >
              <img
                alt="Generic Cotton Chair"
                src="http://placehold.jp/640x480.png?text=placeholder"
                width="100%"
              />
              <h5>
                Generic Cotton Chair
              </h5>
              <p>
                £5.00
              </p>
              <p>
                Ergonomic, Generic, Rustic
              </p>
            </div>
          </div>
          <div
            class="col-4"
          >
            <div
              class="product-card"
            >
              <img
                alt="Fantastic Granite Mouse"
                src="http://placehold.jp/640x480.png?text=placeholder"
                width="100%"
              />
              <h5>
                Fantastic Granite Mouse
              </h5>
              <p>
                £289.00
              </p>
              <p>
                Fantastic, Licensed, Tasty
              </p>
            </div>
          </div>
          <div
            class="col-4"
          >
            <div
              class="product-card"
            >
              <img
                alt="Small Soft Computer"
                src="http://placehold.jp/640x480.png?text=placeholder"
                width="100%"
              />
              <h5>
                Small Soft Computer
              </h5>
              <p>
                £729.00
              </p>
              <p>
                Tasty, Rustic, Tasty
              </p>
            </div>
          </div>
          <div
            class="col-4"
          >
            <div
              class="product-card"
            >
              <img
                alt="Small Fresh Car"
                src="http://placehold.jp/640x480.png?text=placeholder"
                width="100%"
              />
              <h5>
                Small Fresh Car
              </h5>
              <p>
                £672.00
              </p>
              <p>
                Fantastic, Fantastic, Tasty
              </p>
            </div>
          </div>
          <div
            class="col-4"
          >
            <div
              class="product-card"
            >
              <img
                alt="Practical Rubber Hat"
                src="http://placehold.jp/640x480.png?text=placeholder"
                width="100%"
              />
              <h5>
                Practical Rubber Hat
              </h5>
              <p>
                £511.00
              </p>
              <p>
                Licensed, Practical, Licensed
              </p>
            </div>
          </div>
          <div
            class="col-4"
          >
            <div
              class="product-card"
            >
              <img
                alt="Unbranded Fresh Tuna"
                src="http://placehold.jp/640x480.png?text=placeholder"
                width="100%"
              />
              <h5>
                Unbranded Fresh Tuna
              </h5>
              <p>
                £485.00
              </p>
              <p>
                Gorgeous, Ergonomic, Small
              </p>
            </div>
          </div>
        </div>
      </div>
    </div>
  </body>,
  "container": <div>
    <div
      class="plpPage container"
    >
      <div
        class="row"
      >
        <h2>
          PLP page
        </h2>
      </div>
      <div
        class="row"
      >
        <div
          class="col-4"
        >
          <div
            class="product-card"
          >
            <img
              alt="Small Metal Hat"
              src="http://placehold.jp/640x480.png?text=placeholder"
              width="100%"
            />
            <h5>
              Small Metal Hat
            </h5>
            <p>
              £917.00
            </p>
            <p>
              Refined, Gorgeous, Incredible
            </p>
          </div>
        </div>
        <div
          class="col-4"
        >
          <div
            class="product-card"
          >
            <img
              alt="Rustic Plastic Keyboard"
              src="http://placehold.jp/640x480.png?text=placeholder"
              width="100%"
            />
            <h5>
              Rustic Plastic Keyboard
            </h5>
            <p>
              £151.00
            </p>
            <p>
              Refined, Handcrafted, Ergonomic
            </p>
          </div>
        </div>
        <div
          class="col-4"
        >
          <div
            class="product-card"
          >
            <img
              alt="Handcrafted Concrete Chicken"
              src="http://placehold.jp/640x480.png?text=placeholder"
              width="100%"
            />
            <h5>
              Handcrafted Concrete Chicken
            </h5>
            <p>
              £72.00
            </p>
            <p>
              Fantastic, Handmade, Handmade
            </p>
          </div>
        </div>
        <div
          class="col-4"
        >
          <div
            class="product-card"
          >
            <img
              alt="Handcrafted Granite Shirt"
              src="http://placehold.jp/640x480.png?text=placeholder"
              width="100%"
            />
            <h5>
              Handcrafted Granite Shirt
            </h5>
            <p>
              £77.00
            </p>
            <p>
              Rustic, Ergonomic, Gorgeous
            </p>
          </div>
        </div>
        <div
          class="col-4"
        >
          <div
            class="product-card"
          >
            <img
              alt="Rustic Wooden Bike"
              src="http://placehold.jp/640x480.png?text=placeholder"
              width="100%"
            />
            <h5>
              Rustic Wooden Bike
            </h5>
            <p>
              £430.00
            </p>
            <p>
              Incredible, Handmade, Incredible
            </p>
          </div>
        </div>
        <div
          class="col-4"
        >
          <div
            class="product-card"
          >
            <img
              alt="Awesome Steel Keyboard"
              src="http://placehold.jp/640x480.png?text=placeholder"
              width="100%"
            />
            <h5>
              Awesome Steel Keyboard
            </h5>
            <p>
              £457.00
            </p>
            <p>
              Handmade, Generic, Small
            </p>
          </div>
        </div>
        <div
          class="col-4"
        >
          <div
            class="product-card"
          >
            <img
              alt="Generic Cotton Chair"
              src="http://placehold.jp/640x480.png?text=placeholder"
              width="100%"
            />
            <h5>
              Generic Cotton Chair
            </h5>
            <p>
              £5.00
            </p>
            <p>
              Ergonomic, Generic, Rustic
            </p>
          </div>
        </div>
        <div
          class="col-4"
        >
          <div
            class="product-card"
          >
            <img
              alt="Fantastic Granite Mouse"
              src="http://placehold.jp/640x480.png?text=placeholder"
              width="100%"
            />
            <h5>
              Fantastic Granite Mouse
            </h5>
            <p>
              £289.00
            </p>
            <p>
              Fantastic, Licensed, Tasty
            </p>
          </div>
        </div>
        <div
          class="col-4"
        >
          <div
            class="product-card"
          >
            <img
              alt="Small Soft Computer"
              src="http://placehold.jp/640x480.png?text=placeholder"
              width="100%"
            />
            <h5>
              Small Soft Computer
            </h5>
            <p>
              £729.00
            </p>
            <p>
              Tasty, Rustic, Tasty
            </p>
          </div>
        </div>
        <div
          class="col-4"
        >
          <div
            class="product-card"
          >
            <img
              alt="Small Fresh Car"
              src="http://placehold.jp/640x480.png?text=placeholder"
              width="100%"
            />
            <h5>
              Small Fresh Car
            </h5>
            <p>
              £672.00
            </p>
            <p>
              Fantastic, Fantastic, Tasty
            </p>
          </div>
        </div>
        <div
          class="col-4"
        >
          <div
            class="product-card"
          >
            <img
              alt="Practical Rubber Hat"
              src="http://placehold.jp/640x480.png?text=placeholder"
              width="100%"
            />
            <h5>
              Practical Rubber Hat
            </h5>
            <p>
              £511.00
            </p>
            <p>
              Licensed, Practical, Licensed
            </p>
          </div>
        </div>
        <div
          class="col-4"
        >
          <div
            class="product-card"
          >
            <img
              alt="Unbranded Fresh Tuna"
              src="http://placehold.jp/640x480.png?text=placeholder"
              width="100%"
            />
            <h5>
              Unbranded Fresh Tuna
            </h5>
            <p>
              £485.00
            </p>
            <p>
              Gorgeous, Ergonomic, Small
            </p>
          </div>
        </div>
      </div>
    </div>
  </div>,
  "debug": [Function],
  "findAllByAltText": [Function],
  "findAllByDisplayValue": [Function],
  "findAllByLabelText": [Function],
  "findAllByPlaceholderText": [Function],
  "findAllByRole": [Function],
  "findAllByTestId": [Function],
  "findAllByText": [Function],
  "findAllByTitle": [Function],
  "findByAltText": [Function],
  "findByDisplayValue": [Function],
  "findByLabelText": [Function],
  "findByPlaceholderText": [Function],
  "findByRole": [Function],
  "findByTestId": [Function],
  "findByText": [Function],
  "findByTitle": [Function],
  "getAllByAltText": [Function],
  "getAllByDisplayValue": [Function],
  "getAllByLabelText": [Function],
  "getAllByPlaceholderText": [Function],
  "getAllByRole": [Function],
  "getAllByTestId": [Function],
  "getAllByText": [Function],
  "getAllByTitle": [Function],
  "getByAltText": [Function],
  "getByDisplayValue": [Function],
  "getByLabelText": [Function],
  "getByPlaceholderText": [Function],
  "getByRole": [Function],
  "getByTestId": [Function],
  "getByText": [Function],
  "getByTitle": [Function],
  "queryAllByAltText": [Function],
  "queryAllByDisplayValue": [Function],
  "queryAllByLabelText": [Function],
  "queryAllByPlaceholderText": [Function],
  "queryAllByRole": [Function],
  "queryAllByTestId": [Function],
  "queryAllByText": [Function],
  "queryAllByTitle": [Function],
  "queryByAltText": [Function],
  "queryByDisplayValue": [Function],
  "queryByLabelText": [Function],
  "queryByPlaceholderText": [Function],
  "queryByRole": [Function],
  "queryByTestId": [Function],
  "queryByText": [Function],
  "queryByTitle": [Function],
  "rerender": [Function],
  "unmount": [Function],
}
`;
